// Jest Snapshot v1, https://goo.gl/fbAQLP

exports[`App Component TEST renders App 1`] = `
<Fragment>
  <Header />
  <Connect(AllCharacters) />
</Fragment>
`;
